[sahilk.in/index.html]
[backblue.gif]
[fade.gif]
[index.html]
[rsms.me/inter/inter.css]
[sahilk.in/about]
[sahilk.in/blog]
[sahilk.in/static/illustration-68800a4412d2063f2072e473d6d362ad.png]
[sahilk.in/blog/bangalore-food-recommendations/index.html]
[sahilk.in/static/d5a0057c35c6ede288a0a573cecce483/95736/bangalore-food-sahil-khan.jpg]
[sahilk.in/static/672c900efc140bf7a9689674ffd92000/95736/pune-food-sahil-khan.jpg]
[sahilk.in/blog/pune-food-recommendations/index.html]
[sahilk.in/static/ef79595088c5f4598c26edc6d95d4e2d/f62a1/break-into-design.png]
[sahilk.in/cdn-cgi/l/email-protection.html]
[sahilk.in/blog/breaking-into-design/index.html]
[sahilk.in/cdn-cgi/scripts/5c5dd728/cloudflare-static/email-decode.min.js]
[sahilk.in/polyfill-f730b9f19d09667f5bd7.js]
[sahilk.in/app-58e97623ab954b0a3a87.js]
[sahilk.in/framework-c9b92197cbae3c33e091.js]
[sahilk.in/index.html]
[sahilk.in/webpack-runtime-ea9b2921f2364a7a5f1c.js]
[rsms.me/inter/font-files/Inter-Thin3535.woff2]
[rsms.me/inter/font-files/Inter-ThinItalic3535.woff2]
[rsms.me/inter/font-files/Inter-ExtraLight3535.woff2]
[rsms.me/inter/font-files/Inter-ExtraLightItalic3535.woff2]
[rsms.me/inter/font-files/Inter-Light3535.woff2]
[rsms.me/inter/font-files/Inter-LightItalic3535.woff2]
[rsms.me/inter/font-files/Inter-Regular3535.woff2]
[rsms.me/inter/font-files/Inter-Italic3535.woff2]
[rsms.me/inter/font-files/Inter-Medium3535.woff2]
[rsms.me/inter/font-files/Inter-MediumItalic3535.woff2]
[rsms.me/inter/font-files/Inter-SemiBold3535.woff2]
[rsms.me/inter/font-files/Inter-SemiBoldItalic3535.woff2]
[rsms.me/inter/font-files/Inter-Bold3535.woff2]
[rsms.me/inter/font-files/Inter-BoldItalic3535.woff2]
[rsms.me/inter/font-files/Inter-ExtraBold3535.woff2]
[rsms.me/inter/font-files/Inter-ExtraBoldItalic3535.woff2]
[rsms.me/inter/font-files/Inter-Black3535.woff2]
[rsms.me/inter/font-files/Inter-BlackItalic3535.woff2]
[rsms.me/inter/font-files/Inter-roman.var3535.woff2]
[rsms.me/inter/font-files/Inter-italic.var3535.woff2]
[rsms.me/inter/font-files/Inter.var3535.woff2]
[rsms.me/inter/inter.css]
[sahilk.in/about]
[sahilk.in/blog]
[sahilk.in/blog/index.html]
[sahilk.in/about/index.html]
[sahilk.in/static/c13680551b50f41ad4a5f2e2abc7bf12/a6ec4/blr-food-airtable-stats-2022-09-04.png]
[sahilk.in/static/c13680551b50f41ad4a5f2e2abc7bf12/c1b63/blr-food-airtable-stats-2022-09-04.png]
[sahilk.in/blog/bangalore-food-recommendations/index.html]
[sahilk.in/blog/pune-food-recommendations/index.html]
[sahilk.in/blog/breaking-into-design/index.html]
[sahilk.in/cdn-cgi/l/email-protection.html]
[sahilk.in/blog/bangalore-food-recommendations/'data_image/png;base64,iVBORw0KGgoAAAANSUhEUgAAABQAAAAKCAYA/QgTRFrxCFQpCre1aWulusbvupXtpt0n2lluT3SSTmXlkJq3/cpGeMKm6yFlIOfZYtgcUIxe1iJDeCjHxLVZd/pZFkHDjL5nOVvjL0O7NVjGb]
[sahilk.in/about/index.html]
[sahilk.in/blog/index.html]
[sahilk.in/blog/bangalore-food-recommendations/'data_image/png;base64,iVBORw0KGgoAAAANSUhEUgAAABQAAAAKCAYA/QgTRFrxCFQpCre1aWulusbvupXtpt0n2lluT3SSTmXlkJq3/cpGeMKm6yFlIOfZYtgcUIxe1iJDeCjHxLVZd/pZFkHDjL5nOVvjL0O7NVjGb]
[sahilk.in/blog/blog/bangalore-food-recommendations/index.html]
[sahilk.in/blog/blog/bangalore-food-recommendations/index.html]
[sahilk.in/blog/blog/breaking-into-design/index.html]
[sahilk.in/blog/blog/pune-food-recommendations/index.html]
[sahilk.in/blog/blog/pune-food-recommendations/index.html]
[sahilk.in/blog/blog/breaking-into-design/index.html]
